{"catalog": {"book": [{"-id": "bk101", "author": "Gambardella, Matthew", "title": "XML Developer's Guide", "genre": "Computer", "price": "44.95", "publish_date": "2000-10-01", "description": "An in-depth look at creating applications \n      with XML."}, {"price": "5.95", "publish_date": "2000-12-16", "description": "A former architect battles corporate zombies, \n      an evil sorceress, and her own childhood to become queen \n      of the world.", "-id": "bk102", "author": "Ralls, Kim", "title": "Midnight Rain", "genre": "Fantasy"}, {"genre": "Fantasy", "price": "5.95", "publish_date": "2000-11-17", "description": "After the collapse of a nanotechnology \n      society in England, the young survivors lay the \n      foundation for a new society.", "-id": "bk103", "author": "Corets, Eva", "title": "Maeve Ascendant"}]}}

