{
 "address": {
  "city": "\u003c\u003cC_city\u003e\u003e",
  "postalCode": "10021",
  "state": "NY",
  "streetAddress": "\u003c\u003cC_address1\u003e\u003e"
 },
 "age": "\u003c\u003cC_age\u003e\u003e",
 "firstName": "\u003c\u003cC_firstName\u003e\u003e",
 "lastName": "\u003c\u003cC_lastName\u003e\u003e"
}
